
> budget_app@0.1.0 dev
> next dev --turbopack

   ▲ Next.js 15.1.6 (Turbopack)
   - Local:        http://localhost:3000
   - Network:      http://192.168.0.212:3000
   - Environments: .env

 ✓ Starting...
 ✓ Compiled in 873ms
 ✓ Ready in 2.8s
✦Aj WARN Using 127.0.0.1 as IP address in development mode
✦Aj ERROR Encountered problem getting remote decision: [deadline_exceeded] the operation timed out
 ○ Compiling /dashboard ...
 ✓ Compiled /dashboard in 12.2s
 GET /dashboard 200 in 19801ms
✦Aj ERROR Encountered problem getting remote decision: [deadline_exceeded] the operation timed out
 ○ Compiling /transaction/create ...
 ✓ Compiled /transaction/create in 2.8s
 GET /transaction/create 200 in 4086ms
✦Aj ERROR Encountered problem getting remote decision: [deadline_exceeded] the operation timed out
 ✓ Compiled /_not-found/page in 386ms
 GET /account/xyz 404 in 1223ms
✦Aj ERROR Encountered problem getting remote decision: [deadline_exceeded] the operation timed out
 ○ Compiling /assistant ...
 ✓ Compiled /assistant in 757ms
 GET /assistant 200 in 1439ms
